// Jest Snapshot v1, https://goo.gl/fbAQLP

exports[`Provide render correctly 1`] = `
<div class="page">
  <h1 id="top" class="display-4 mb-3">
    <router-link-stub to="/guide/provide#top" tag="a" event="click" class="header-anchor"><span class="header-anchor--hash">#</span>
      Provide
    </router-link-stub>
  </h1>
  <p>
    Just like the <code>props</code> the <code>provide</code> properties are
    available in the <code>vue-runtime-template-compiler</code>. The same as
    the other parent property you use them as if you are writing bindings in
    the parent's compiled template.
  </p> <pre class="language-html mb-4"><code>&lt;template&gt;
  &lt;runtime-template-compiler :template="template" /&gt;
&lt;/template&gt;

&lt;script&gt;
import { RuntimeTemplateCompiler } from 'vue-runtime-template-compiler'

export default {
  components: {
    RuntimeTemplateCompiler
  },
  provide: {
    name: 'Bob'
  }
  data: () =&gt; ({
    template: \`&lt;div&gt;{{ name }}!&lt;/div&gt;\`,
  })
}
&lt;/script&gt;</code></pre>
  <pagenav-stub></pagenav-stub>
</div>
`;
