// Jest Snapshot v1, https://goo.gl/fbAQLP

exports[`Sandbox render correctly 1`] = `
<div class="page">
  <h1 id="top" class="mb-3">
    <router-link-stub to="/sandbox#top" tag="a" event="click" class="header-anchor"><span class="header-anchor--hash">#</span>
      Sandbox
    </router-link-stub>
  </h1>
  <div class="alert alert-primary mb-4">Coming soon...</div>
  <pagenav-stub></pagenav-stub>
</div>
`;
